// Jest Snapshot v1, https://goo.gl/fbAQLP

exports[`matches the snapshot 1`] = `
<body>
  <div>
    <section
      class="py-16 flex flex-col space-y-12 items-center justify-between relative bg-search-section-bg bg-center bg-cover"
    >
      <h1
        class="text-white font-cursive text-3xl"
      >
        Encontr√° lo que necesitas
      </h1>
       
      <form
        class="bg-white flex items-center rounded-lg focus-within:ring focus-within:border-purple-300 "
      >
        <img
          alt=""
          class="w-4 h-4 ml-2"
          src="/static/icons/lens.svg"
        />
         
        <input
          class="px-4 rounded-md focus:outline-none"
          placeholder="Ropa para casamiento"
          type="search"
        />
         
        <button
          class="right-0 flex-grow text-xs bg-purple-600 text-white py-3 px-2 rounded-r-lg"
          type="submit"
        >
          Encontralo!
        </button>
      </form>
    </section>
  </div>
</body>
`;
